---
source: crates/ruff_linter/src/rules/flake8_async/mod.rs
---
ASYNC230.py:6:5: ASYNC230 Async functions should not open files with blocking methods like `open`
  |
5 | async def foo():
6 |     open("")  # ASYNC230
  |     ^^^^ ASYNC230
7 |     io.open_code("")  # ASYNC230
  |

ASYNC230.py:7:5: ASYNC230 Async functions should not open files with blocking methods like `open`
  |
5 | async def foo():
6 |     open("")  # ASYNC230
7 |     io.open_code("")  # ASYNC230
  |     ^^^^^^^^^^^^ ASYNC230
8 |
9 |     with open(""):  # ASYNC230
  |

ASYNC230.py:9:10: ASYNC230 Async functions should not open files with blocking methods like `open`
   |
 7 |     io.open_code("")  # ASYNC230
 8 |
 9 |     with open(""):  # ASYNC230
   |          ^^^^ ASYNC230
10 |         ...
   |

ASYNC230.py:12:10: ASYNC230 Async functions should not open files with blocking methods like `open`
   |
10 |         ...
11 |
12 |     with open("") as f:  # ASYNC230
   |          ^^^^ ASYNC230
13 |         ...
   |

ASYNC230.py:15:17: ASYNC230 Async functions should not open files with blocking methods like `open`
   |
13 |         ...
14 |
15 |     with foo(), open(""):  # ASYNC230
   |                 ^^^^ ASYNC230
16 |         ...
   |

ASYNC230.py:18:16: ASYNC230 Async functions should not open files with blocking methods like `open`
   |
16 |         ...
17 |
18 |     async with open(""):  # ASYNC230
   |                ^^^^ ASYNC230
19 |         ...
   |

ASYNC230.py:30:5: ASYNC230 Async functions should not open files with blocking methods like `open`
   |
29 | async def func():
30 |     open("foo")  # ASYNC230
   |     ^^^^ ASYNC230
   |

ASYNC230.py:37:5: ASYNC230 Async functions should not open files with blocking methods like `open`
   |
36 | async def func():
37 |     Path("foo").open()  # ASYNC230
   |     ^^^^^^^^^^^^^^^^ ASYNC230
   |

ASYNC230.py:42:5: ASYNC230 Async functions should not open files with blocking methods like `open`
   |
40 | async def func():
41 |     p = Path("foo")
42 |     p.open()  # ASYNC230
   |     ^^^^^^ ASYNC230
   |

ASYNC230.py:46:10: ASYNC230 Async functions should not open files with blocking methods like `open`
   |
45 | async def func():
46 |     with Path("foo").open() as f:  # ASYNC230
   |          ^^^^^^^^^^^^^^^^ ASYNC230
47 |         pass
   |

ASYNC230.py:54:9: ASYNC230 Async functions should not open files with blocking methods like `open`
   |
53 |     async def bar():
54 |         p.open()  # ASYNC230
   |         ^^^^^^ ASYNC230
   |

ASYNC230.py:60:5: ASYNC230 Async functions should not open files with blocking methods like `open`
   |
58 |     (p1, p2) = (Path("foo"), Path("bar"))
59 |
60 |     p1.open()  # ASYNC230
   |     ^^^^^^^ ASYNC230
   |

ASYNC230.py:64:9: ASYNC230 Async functions should not open files with blocking methods like `open`
   |
63 | async def func() -> None:
64 |     p = Path("foo").read_text()  # ASYNC230
   |         ^^^^^^^^^^^^^^^^^^^^^ ASYNC230
   |

ASYNC230.py:68:9: ASYNC230 Async functions should not open files with blocking methods like `open`
   |
67 | async def func() -> None:
68 |     p = Path("foo").read_bytes()  # ASYNC230
   |         ^^^^^^^^^^^^^^^^^^^^^^ ASYNC230
   |

ASYNC230.py:72:9: ASYNC230 Async functions should not open files with blocking methods like `open`
   |
71 | async def func() -> None:
72 |     p = Path("foo").write_text("content")  # ASYNC230
   |         ^^^^^^^^^^^^^^^^^^^^^^ ASYNC230
   |

ASYNC230.py:76:9: ASYNC230 Async functions should not open files with blocking methods like `open`
   |
75 | async def func() -> None:
76 |     p = Path("foo").write_bytes(b"content")  # ASYNC230
   |         ^^^^^^^^^^^^^^^^^^^^^^^ ASYNC230
   |
